    Finished `test` profile [unoptimized + debuginfo] target(s) in 0.05s
     Running unittests src/lib.rs (target/debug/deps/splinterd-3389e78ff18f10d4)

running 1 test
test live::tests::detached_actor_keeps_consuming_and_snapshots_current_state ... ok

test result: ok. 1 passed; 0 failed; 0 ignored; 0 measured; 48 filtered out; finished in 0.21s

    Finished `test` profile [unoptimized + debuginfo] target(s) in 0.05s
     Running unittests src/lib.rs (target/debug/deps/splinterd-3389e78ff18f10d4)

running 1 test
test live::tests::atomic_attach_starts_updates_after_snapshot_revision ... ok

test result: ok. 1 passed; 0 failed; 0 ignored; 0 measured; 48 filtered out; finished in 0.21s

    Finished `test` profile [unoptimized + debuginfo] target(s) in 0.05s
     Running unittests src/lib.rs (target/debug/deps/splinterd-3389e78ff18f10d4)

running 1 test
test live::tests::input_resize_and_subscriber_overflow_do_not_block_the_actor ... ok

test result: ok. 1 passed; 0 failed; 0 ignored; 0 measured; 48 filtered out; finished in 0.21s

    Finished `test` profile [unoptimized + debuginfo] target(s) in 0.08s
     Running unittests src/lib.rs (target/debug/deps/splinterd-3389e78ff18f10d4)

running 1 test
test live::tests::saturated_and_multiple_subscriber_metrics_are_exact ... ok

test result: ok. 1 passed; 0 failed; 0 ignored; 0 measured; 48 filtered out; finished in 0.00s

    Finished `test` profile [unoptimized + debuginfo] target(s) in 0.06s
     Running unittests src/lib.rs (target/debug/deps/splinterd-3389e78ff18f10d4)

running 1 test
test live::tests::publication_history_gap_requests_resnapshot_without_panicking ... ok

test result: ok. 1 passed; 0 failed; 0 ignored; 0 measured; 48 filtered out; finished in 0.00s

   Compiling splinterd v0.1.0 (/home/oldjobobo/Projects/splinterm/crates/splinterd)
    Finished `test` profile [unoptimized + debuginfo] target(s) in 5.44s
     Running tests/end_to_end.rs (target/debug/deps/end_to_end-9674df48266f3f1d)

running 1 test
test phase8_detach_reattach_overflow_resync_and_cleanup ... ok

test result: ok. 1 passed; 0 failed; 0 ignored; 0 measured; 15 filtered out; finished in 16.28s

